---
source: tests/files.rs
expression: visualization.result
---
@main(v0: int) {
  v1_: int = const 0;
  v2_: int = const 2;
  v3_: int = const 1;
  v4_: int = const 3;
  v5_: int = id v1_;
  v6_: int = id v0;
  v7_: int = id v2_;
  v8_: int = id v3_;
  v9_: int = id v4_;
  v10_: int = id v1_;
.v11_:
  v12_: bool = eq v6_ v8_;
  br v12_ .v13_ .v14_;
.v14_:
  v15_: int = div v6_ v7_;
  v16_: int = mul v15_ v7_;
  v17_: int = sub v6_ v16_;
  v18_: bool = eq v10_ v17_;
  v19_: int = add v5_ v8_;
  br v18_ .v20_ .v21_;
.v21_:
  v22_: bool = const true;
  v23_: int = mul v6_ v9_;
  v24_: int = add v23_ v8_;
  v25_: int = id v19_;
  v26_: bool = id v22_;
  v27_: int = id v24_;
  v28_: int = id v7_;
  v29_: int = id v8_;
  v30_: int = id v9_;
  v31_: int = id v10_;
.v32_:
  v33_: int = id v25_;
  v34_: bool = id v26_;
  v35_: int = id v27_;
  v36_: int = id v28_;
  v37_: int = id v29_;
  v38_: int = id v30_;
  v39_: int = id v31_;
  v5_: int = id v33_;
  v6_: int = id v35_;
  v7_: int = id v36_;
  v8_: int = id v37_;
  v9_: int = id v38_;
  v10_: int = id v39_;
  br v34_ .v11_ .v40_;
.v20_:
  v41_: bool = const true;
  v42_: int = div v6_ v7_;
  v25_: int = id v19_;
  v26_: bool = id v41_;
  v27_: int = id v42_;
  v28_: int = id v7_;
  v29_: int = id v8_;
  v30_: int = id v9_;
  v31_: int = id v10_;
  jmp .v32_;
.v13_:
  v43_: bool = const false;
  v33_: int = id v5_;
  v34_: bool = id v43_;
  v35_: int = id v6_;
  v36_: int = id v7_;
  v37_: int = id v8_;
  v38_: int = id v9_;
  v39_: int = id v10_;
  v5_: int = id v33_;
  v6_: int = id v35_;
  v7_: int = id v36_;
  v8_: int = id v37_;
  v9_: int = id v38_;
  v10_: int = id v39_;
.v40_:
  print v5_;
}
